// Jest Snapshot v1, https://goo.gl/fbAQLP

exports[`renders without crashing 1`] = `
<Fragment>
  <div
    className="App"
  >
    <div
      className="row justify-content-end"
    >
      <div
        className="col-12 col-sm-8 col-md-10 col-lg-8 col-xl-8"
      >
        <button
          className="btn-election"
          onClick={[Function]}
        >
          Desayuno
        </button>
        <button
          className="btn-election"
          onClick={[Function]}
        >
          Almuerzo
        </button>
      </div>
    </div>
  </div>
  <ButtonSelection
    newMenu={Array []}
  />
</Fragment>
`;
